<html>
<body>
<pre>
<h1>µVision Build Log</h1>
<h2>Tool Versions:</h2>
IDE-Version: µVision V5.26.2.0
Copyright (C) 2018 ARM Ltd and ARM Germany GmbH. All rights reserved.
License Information: Suwash Saurabh, Self, LIC=----
 
Tool Versions:
Toolchain:       MDK-Lite  Version: 5.26.2.0
Toolchain Path:  C:\Keil_v5\ARM\ARMCC\Bin
C Compiler:      Armcc.exe V5.06 update 6 (build 750)
Assembler:       Armasm.exe V5.06 update 6 (build 750)
Linker/Locator:  ArmLink.exe V5.06 update 6 (build 750)
Library Manager: ArmAr.exe V5.06 update 6 (build 750)
Hex Converter:   FromElf.exe V5.06 update 6 (build 750)
CPU DLL:         SARMCM3.DLL V5.26.2.0
Dialog DLL:      DCM.DLL V1.17.2.0
Target DLL:      STLink\ST-LINKIII-KEIL_SWO.dll V3.0.5.0
Dialog DLL:      TCM.DLL V1.36.1.0
 
<h2>Project:</h2>
S:\Git_Repo\STM32L476xx\Keil_Project_Template\STM32_Test.uvprojx
Project File Date:  06/08/2019

<h2>Output:</h2>
*** Using Compiler 'V5.06 update 6 (build 750)', folder: 'C:\Keil_v5\ARM\ARMCC\Bin'
Rebuild target 'Target 1'
compiling LED.c...
Source\stm32l476.h(1327): warning:  #1-D: last line of file ends without a newline
  #endif/*STM32L4_H*/
Source\LED.h(23): warning:  #1-D: last line of file ends without a newline
  #endif
Source\LED.c: 2 warnings, 0 errors
compiling Button.c...
Source\stm32l476.h(1327): warning:  #1-D: last line of file ends without a newline
  #endif/*STM32L4_H*/
Source\Button.h(23): warning:  #1-D: last line of file ends without a newline
  #endif/*BUTTON_H*/
Source\Button.c(43): warning:  #940-D: missing return statement at end of non-void function "BUTTON_Read" 
  }
Source\Button.c(41): warning:  #550-D: variable "u8ReadButton"  was set but never used
  	uint8_t u8ReadButton;
Source\Button.c: 4 warnings, 0 errors
compiling Blinky_Main.c...
Source\stm32l476.h(1327): warning:  #1-D: last line of file ends without a newline
  #endif/*STM32L4_H*/
Source\LED.h(23): warning:  #1-D: last line of file ends without a newline
  #endif
Source\Button.h(23): warning:  #1-D: last line of file ends without a newline
  #endif/*BUTTON_H*/
Source\Blinky_Main.c(44): warning:  #1-D: last line of file ends without a newline
  }
Source\Blinky_Main.c: 4 warnings, 0 errors
assembling startup_stm32l476xx.s...
compiling system_stm32l4xx.c...
linking...
Program Size: Code=888 RO-data=408 RW-data=0 ZI-data=1632  
FromELF: creating hex file...
".\Objects\STM32_Test.axf" - 0 Error(s), 10 Warning(s).

<h2>Software Packages used:</h2>

Package Vendor: ARM
                http://www.keil.com/pack/ARM.CMSIS.5.5.0.pack
                ARM.CMSIS.5.5.0
                CMSIS (Cortex Microcontroller Software Interface Standard)
   * Component: CORE Version: 5.2.0

Package Vendor: Keil
                http://www.keil.com/pack/Keil.STM32L4xx_DFP.2.2.0.pack
                Keil.STM32L4xx_DFP.2.2.0
                STMicroelectronics STM32L4 Series Device Support, Drivers and Examples
   * Component: Startup Version: 1.3.1

<h2>Collection of Component include folders:</h2>
  .\RTE\_Target_1
  C:\Keil_v5\ARM\PACK\ARM\CMSIS\5.5.0\CMSIS\Core\Include
  C:\Keil_v5\ARM\PACK\Keil\STM32L4xx_DFP\2.2.0\Drivers\CMSIS\Device\ST\STM32L4xx\Include

<h2>Collection of Component Files used:</h2>

   * Component: ARM::CMSIS:CORE:5.2.0

   * Component: Keil::Device:Startup:1.3.1
      Include file:  Drivers\CMSIS\Device\ST\STM32L4xx\Include\stm32l4xx.h
      Source file:   Drivers\CMSIS\Device\ST\STM32L4xx\Source\Templates\arm\startup_stm32l476xx.s
      Source file:   MDK\Device\Source\ARM\STM32L4xx_DB_OPT.s
      Source file:   Drivers\CMSIS\Device\ST\STM32L4xx\Source\Templates\system_stm32l4xx.c
Build Time Elapsed:  00:00:05
</pre>
</body>
</html>
